>>> a = __import__('2-matrix_divided')

>>> a.matrix_divided()
Traceback (most recent call last):
TypeError: matrix_divided() missing 2 required positional arguments: 'matrix' and 'div'
>>> a.matrix_divided([[2, 4, 6], [8, 10, 12]], 2)
[[1.0, 2.0, 3.0], [4.0, 5.0, 6.0]]
>>> a.matrix_divided([[2, 4, 6], [8, 10, 12]], "ade")
Traceback (most recent call last):
TypeError: div must be a number
>>> a.matrix_divided([[2, 4, 6], [8, 10, 12]], 0)
Traceback (most recent call last):
ZeroDivisionError: division by zero
>>> a.matrix_divided("ssfd", 2)
Traceback (most recent call last):
TypeError: matrix must be a matrix (list of lists) of integers/floats
>>> a.matrix_divided([5, 2, 1], 5)
Traceback (most recent call last):
TypeError: matrix must be a matrix (list of lists) of integers/floats
>>> a.matrix_divided([[5, 2, 1], ["sad", 3, 4]], 5)
Traceback (most recent call last):
TypeError: matrix must be a matrix (list of lists) of integers/floats
>>> a.matrix_divided([[5, 2, 1], [3, 4]], 5)
Traceback (most recent call last):
TypeError: Each row of the matrix must have the same size
>>> a.matrix_divided([[[4],[2]],[[3],[1]]], 2)
Traceback (most recent call last):
TypeError: matrix must be a matrix (list of lists) of integers/floats
